// Jest Snapshot v1, https://goo.gl/fbAQLP

exports[`render navbar component without error matches snapshot for new Header 1`] = `
<nav>
  <h1
    className="header"
  >
    Math Magicians
  </h1>
  <ul
    className="links"
  >
    <li>
      <a
        aria-current="page"
        className="active"
        href="/"
        onClick={[Function]}
      >
        Home
      </a>
    </li>
    |
    <li>
      <a
        className=""
        href="/Calculator"
        onClick={[Function]}
      >
        Calculator
      </a>
    </li>
    |
    <li>
      <a
        className=""
        href="/Quote"
        onClick={[Function]}
      >
        Quote
      </a>
    </li>
  </ul>
</nav>
`;
